app/config/navigation.ts(241,1): error TS1005: '}' expected.
